---------------------
Begin Register Values
---------------------
$at = 0x00000000

$v0 = 0x00000000
$v1 = 0x00000000

$a0 = 0x00000000
$a1 = 0x00000000
$a2 = 0x00000000
$a3 = 0x00000000

$t0 = 0x00000004
$t1 = 0x00000034
$t2 = 0x00000000
$t3 = 0x00000000
$t4 = 0x00000000
$t5 = 0x00000000
$t6 = 0x00000000
$t7 = 0x00000000
$t8 = 0x00000000
$t9 = 0x00000000

$s0 = 0x00000000
$s1 = 0x000000aa
$s2 = 0x0000aaaa
$s3 = 0x10010000
$s4 = 0xaaaaaaaa
$s5 = 0x000000f6
$s6 = 0x0000f6f7
$s7 = 0xf6f7f8f9

$k0 = 0x00000000
$k1 = 0x00000000

$gp = 0x00000000
$sp = 0x00000000
$fp = 0x00000000
$ra = 0x00000000
---------------------
End Register Values
---------------------
