---------------------
Begin Register Values
---------------------
$at = 0x00000000

$v0 = 0x00000000
$v1 = 0x00000000

$a0 = 0x00000000
$a1 = 0x00000000
$a2 = 0x00000000
$a3 = 0x00000000

$t0 = 0x00000040
$t1 = 0x00000003
$t2 = 0x00000000
$t3 = 0x00000000
$t4 = 0x00000000
$t5 = 0x00000000
$t6 = 0x00000000
$t7 = 0x00000000
$t8 = 0x00000009
$t9 = 0x0000000A

$s0 = 0x00000001
$s1 = 0x00000002
$s2 = 0x00000003
$s3 = 0x00000004
$s4 = 0x00000005
$s5 = 0x00000006
$s6 = 0x00000007
$s7 = 0x00000008

$k0 = 0x00000000
$k1 = 0x00000000

$gp = 0x00000000
$sp = 0x00000050
$fp = 0x00000000
$ra = 0x00000018
---------------------
End Register Values
---------------------
