---------------------
Begin Register Values
---------------------
$at = 0x00000000

$v0 = 0x00000000
$v1 = 0x00000000

$a0 = 0x00000000
$a1 = 0x00000000
$a2 = 0x00000000
$a3 = 0x00000000

$t0 = 0x00000001
$t1 = 0x00000000
$t2 = 0x00000000
$t3 = 0x00000048
$t4 = 0x00000049
$t5 = 0x00000009
$t6 = 0x00000067
$t7 = 0x00000000
$t8 = 0x00000002
$t9 = 0x00000000

$s0 = 0xffffffe1
$s1 = 0xffffffe1
$s2 = 0x00000009
$s3 = 0x00000001
$s4 = 0xfffffffe
$s5 = 0x00000001
$s6 = 0x00000000
$s7 = 0x00000000

$k0 = 0x00000000
$k1 = 0x00000000

$gp = 0x00000000
$sp = 0x00000000
$fp = 0x00000000
$ra = 0x00000048
---------------------
End Register Values
---------------------
