---------------------
Begin Memory State
---------------------
0x00000000: 0x2008ffe0 0x2009fe0c 0xfffffe0c 0x354aabcd 0x200b0004
0x00000014: 0xa00a003c 0xa0090040 0xa40a0044 0xa4090048 0xac0a004c 
0x00000028: 0xad69004c 0xad09002c 0x8d880000 0xac0c0050 0xfeedfeed   
0x0000003c: 0x000000ab 0x000000ff 0x0000abcd 0x0000ffff 0xabcdabcd
0x00000050: 0xfffffe0c 0xfffffe0c
---------------------
End Memory State
---------------------
